[www.buildawebsitefree.co/index.html]
[backblue.gif]
[fade.gif]
[index.html]
[www.buildawebsitefree.co/home.html]
[img4.wsimg.com/starfield/duel/v2.5.7/duel35bd.js]
[www.buildawebsitefree.co/site51cf.css]
[www.buildawebsitefree.co/pricing.html]
[www.buildawebsitefree.co/blog.html]
[www.buildawebsitefree.co/take-a-look.html]
[www.shareasale.com/image/48436/BCA-1007_Ad_Banners_India_WSB_300x250.gif]
[www.shareasale.com/image/48436/BCA-233_RELAUNCH_599_COM_728x90.gif]
[www.buildawebsitefree.co/index.html]
[www.buildawebsitefree.co/home.html]
[img4.wsimg.com/wst/v7/WSB7_J_20141017_1253_nd3_3776/v1/images/wsb-slideshow-nav-arrows-sprt.png]
[s7.addthis.com/js/300/addthis_widget.js]
[www.buildawebsitefree.co/site51cf.css]
[img4.wsimg.com/starfield/duel/v2.5.7/duel35bd.js]
[www.shareasale.com/image/48436/BCA-263_RELAUNCH_AFF_LOGO_TAG_728x90.gif]
[www.buildawebsitefree.co/pricing.html]
[www.buildawebsitefree.co/blog.html]
[www.buildawebsitefree.co/take-a-look.html]
[www.buildawebsitefree.co/css!starfield/sf.core.html]
